// Jest Snapshot v1, https://goo.gl/fbAQLP

exports[`renders correctly 1`] = `
<div
  className="App"
>
  <div>
    <label>
      Was?
      <input
        name="what"
        onChange={[Function]}
        type="text"
      />
    </label>
    <label>
      Wo?
      <input
        name="where"
        onChange={[Function]}
        type="text"
      />
    </label>
  </div>
  <div />
</div>
`;
